// Jest Snapshot v1, https://goo.gl/fbAQLP

exports[`Expect <CardBlock> to render properly 1`] = `
<div
  className="gds-card__block custom gds-card__block--divide-top"
  style={
    {
      "width": 120,
    }
  }
>
  <div>
    Foo
  </div>
</div>
`;
