// Jest Snapshot v1, https://goo.gl/fbAQLP

exports[`Expect <Card> to render properly 1`] = `
<div
  className="gds-card custom gds-card--underlined-secondary gds-card--sm"
  style={
    {
      "width": 120,
    }
  }
>
  <div>
    Foo
  </div>
</div>
`;
