// Jest Snapshot v1, https://goo.gl/fbAQLP

exports[`Expect <FormGroupTextHelp> to render properly 1`] = `
<small
  className="gds-form-group__text-help much-error"
>
  Oh no, errors!
</small>
`;
