// Jest Snapshot v1, https://goo.gl/fbAQLP

exports[`Expect <FormGroupLabel> to render properly 1`] = `
<label
  className="gds-form-group__label my-classy-class"
>
  Label Baby Jr
</label>
`;
