// Jest Snapshot v1, https://goo.gl/fbAQLP

exports[`Expect <ModalForm> to render properly 1`] = `
<form
  className="gds-modal__form modal-class"
  style={
    {
      "width": "100px",
    }
  }
>
  <div>
    My modal content
  </div>
</form>
`;
