// Jest Snapshot v1, https://goo.gl/fbAQLP

exports[`Expect <ModalBody> to render properly 1`] = `
<div
  className="gds-modal__body modal-class"
  style={
    {
      "width": "100px",
    }
  }
>
  <div>
    My modal content
  </div>
</div>
`;
