// Jest Snapshot v1, https://goo.gl/fbAQLP

exports[`Expect <Row> to render properly 1`] = `
<div
  className="gds-layout__row cool-stuff"
>
  <div>
    Content
  </div>
</div>
`;
