// Jest Snapshot v1, https://goo.gl/fbAQLP

exports[`Breadcrumbs renders 1`] = `
<nav
  aria-label="Breadcrumbs"
  class="cool-crumbs"
>
  <ol
    class="gds-page-header__breadcrumbs"
  >
    <li
      aria-label="Start"
      class="gds-page-header__breadcrumbs-list-item"
    >
      <a
        class="gds-page-header__breadcrumbs-link"
        href="/"
      >
        Start
      </a>
    </li>
    <li
      aria-label="Home"
      class="gds-page-header__breadcrumbs-list-item"
    >
      <a
        class="gds-page-header__breadcrumbs-link"
        href="/home"
      >
        <i
          class="fa fa-home"
        />
         Home
      </a>
    </li>
    <li
      aria-label="Main Category"
      class="gds-page-header__breadcrumbs-list-item gds-page-header__breadcrumbs-list-item--has-menu"
    >
      <div
        aria-expanded="true"
        aria-haspopup="listbox"
        class="gds-page-header__breadcrumbs-menu"
      >
        <button
          aria-label="Close Main Category menu"
          class="gds-page-header__breadcrumbs-menu-dots"
          style="outline: none; padding: 0px;"
          type="button"
        />
        <div
          class="gds-bubble__menu gds-bubble__menu--left gds-bubble__menu--sm gds-bubble__menu--menu-open"
        >
          <ul
            aria-label="Section Menu"
            class="gds-bubble__menu-list"
          >
            <li
              class="gds-bubble__menu-list-item -ellipsis"
            >
              <a
                class="gds-bubble__menu-list-link -text-tr-cap"
                href="/home/category/subcategory-1"
              >
                Sub Category 1
              </a>
            </li>
            <li
              class="gds-bubble__menu-list-item -ellipsis"
            >
              <a
                class="gds-bubble__menu-list-link -text-tr-cap"
                href="/home/category/subcategory-3"
              >
                Sub Category 3
              </a>
            </li>
          </ul>
        </div>
      </div>
      <a
        class="gds-page-header__breadcrumbs-link"
        href="/home/category"
      >
        Main Category
      </a>
    </li>
    <li
      aria-label="Sub Category 2"
      class="gds-page-header__breadcrumbs-list-item"
    >
      Sub Category 2
    </li>
  </ol>
</nav>
`;
