// Jest Snapshot v1, https://goo.gl/fbAQLP

exports[`Breadcrumb renders without option button 1`] = `
<li
  aria-label="Baz"
  class="gds-page-header__breadcrumbs-list-item"
>
  Baz
</li>
`;
